kitten dump ok
cub dump ok
  $ ./kitten -pass args __kitten.sml __cub.sml args

The following uses 'cub' to do the same and write the file output.

  $ ./cub -pass args __kitten.sml __cub.sml args > output
  > kitten -pass args __kitten.sml __cub.sml args

The following uses 'cub' to do the same and write the file 'output' :-

  > cub -pass args __kitten.sml __cub.sml args > output
kitten: cannot open 'does-not-exist'
  $ ./kitten -pass args __kitten.sml __cub.sml args

The following uses 'cub' to do the same and write the file output.

  $ ./cub -pass args __kitten.sml __cub.sml args > output
  > kitten -pass args __kitten.sml __cub.sml args

The following uses 'cub' to do the same and write the file 'output' :-

  > cub -pass args __kitten.sml __cub.sml args > output
cub: cannot open 'does-not-exist'
