signature SIG =
  sig
    exception E of int
  end
Listener Input:19,10 to 22,5: error: Type mismatch in signature and structure:
    id : E
    spec : int -> exn
    actual : string -> exn
      because:
         int -> exn
      does not match:
         string -> exn
Listener Input:19,10 to 22,5: error: structure A does not match signature
