Listener Input:14,10 to 17,5: error: Type mismatch in signature and structure:
    id : x
    spec : (int * real)
    actual : (int * real * int)
      because:
         (int * real)
      does not match:
         (int * real * int)
Listener Input:14,10 to 17,5: error: structure A does not match signature
