Listener Input:14,10 to 17,5: error: Type mismatch in signature and structure:
    id : T
    spec : ('b, 'a) _sig.t -> ('a, 'b) _sig.t
    actual : ('a, 'b) _sig.t -> ('a, 'b) _sig.t
      because:
         'b
      does not match:
         'a
Listener Input:14,10 to 17,5: error: structure A does not match signature
