signature SIG =
  sig
    datatype  t =
      T of int |
      R of real
  end
Listener Input:19,10 to 22,5: error: Type mismatch in signature and structure:
    id : R
    spec : real -> _sig.t
    actual : _sig.t
      because:
         real -> _sig.t
      does not match:
         _sig.t
Listener Input:19,10 to 22,5: error: structure A does not match signature
