signature SIG =
  sig
    datatype  t =
      T |
      R of int
  end
Listener Input:19,10 to 22,5: error: Type mismatch in signature and structure:
    id : R
    spec : int -> _sig.t
    actual : real -> _sig.t
      because:
         int -> _sig.t
      does not match:
         real -> _sig.t
Listener Input:19,10 to 22,5: error: structure A does not match signature
