signature ANIMALS =
  sig
    datatype animals =
      Simba |
      Dumbo |
      Bambi |
      ADalmation
  end
structure Animals =
  struct
    datatype animals =
      ADalmation |
      Bambi |
      Dumbo |
      Simba
    val ADalmation : Animals.animals
    val Bambi : Animals.animals
    val Dumbo : Animals.animals
    val Simba : Animals.animals
  end
functor MyAnimals
structure MyAnimals =
  struct
    datatype animals =
      ADalmation |
      Bambi |
      Dumbo |
      Simba
    val ADalmation : Animals.animals
    val Bambi : Animals.animals
    val Dumbo : Animals.animals
    val Simba : Animals.animals
  end
val it : string = "test succeeded"
