structure JungleBook =
  struct
    datatype animals =
      Baloo |
      ShereKhan of int
    val Baloo : JungleBook.animals
    val ShereKhan : int -> JungleBook.animals
  end
datatype animals =
  Baloo |
  ShereKhan of int
val Baloo : animals
val ShereKhan : int -> animals
val baddie : animals -> bool = fn
