val s : TextIO.StreamIO.instream ref = ref(In {buffer=Buf {basePos=SOME _, data=_, emptyMeansEof=false, more=ref(NOmore), name="pervasive/close.sml"}, pos=0})
val t : TextIO.StreamIO.outstream ref = ref(Out {data=A(#B[0, 0, 0, 0, 0, 0, 0, 0, 0, 0, ..]), mode=ref(NO_BUF), name="pervasive/foo", pos=ref(0), writer=ref(NOmore)})
