test1:OK
test1a:OK
test2:OK
test3:OK
test4:OK
test5:OK
test5a:OK
test6:OK
test7:OK
test8:OK
test9:OK
test10:OK
test10d:OKEXN
test10e:OKEXN
test10f:OKEXN
test10g:OKEXN
test10h:OKEXN
test10i:OKEXN
test10j:OKEXN
test11a:OK
test11b:OK
test11c:OK
test11d:OKEXN
test11e:OKEXN
test11f:OKEXN
test11g:OKEXN
test11h:OKEXN
test11i:OKEXN
test11j:OKEXN
val it : unit = ()
