test1:OK
test1a:OKEXN
test1c:OKEXN
test1d:OKEXN
test1e:OKEXN
test1f:OK
test1g:OK
test1h:OKEXN
test1i:OKEXN
test2:OK
test3:OK
test4:OK
test5:OK
test6:OK
test7:OK
test8a:OK
test8b:OK
test8c:OK
test8d:OK
test8e:OK
test8f:OK
test8g:OK
test8h:OK
test8i:OK
test8j:OK
test9:OK
test10:OK
test11:OK
test12:OK
test13:OKEXN
test14:OK
test15:OKEXN
test16:OK
test17:OK
test18:OK
test19:OK
test20:OK
test21:OK
val it : unit = ()
