date succeeded.
Date fmt succeeded
dateStart succeeded.
dateEnd succeeded.
Mon Jan  1 00:00:00 1900
Mon Jan  1 00:00:00 1900
Carrying over start of 1900 succeeded.
1900 is not a leap year
1984 is a leap year
1983 is not a leap year
2000 is a leap year
1600 is a leap year
Day of the week succeeded.
Date.toTime raised exception Date ok.
Offset of timeLocal is correct (NONE).
Offset of timeUniv is correct (SOME 0).
localOffset matches my calculation ok.
val x : bool = true
