val f : string -> string = fn
val opt : 'a option -> 'a = fn
val f : string -> string = fn
val check : string -> bool = fn
val eqrep : (real * real) -> bool = fn
val rep : real -> string = fn
val t1 : bool list = [true, true, true, true, true, true]
val t2 : bool list = [true, true, true, true, true, true, true]
val t3 : bool list = [true, true, true, true, true]
val t4 : bool list = [true, true, true, true, true]
