val check : bool -> string = fn
val check' : (unit -> bool) -> string = fn
val range : (int * int) -> (int -> bool) -> bool = fn
val checkrange : (int * int) -> (int -> bool) -> string = fn
val nan : real = nan
val test0a : string = "OK"
val test0b : string = "OK"
val test10a : string = "OK"
val test10b : string = "OK"
val test10c : string = "OK"
val test10d : string = "OK"
val test10e : string = "OK"
val test12A : string = "OK"
val test12B : string = "OK"
val test12C : string = "OK"
val test12D : string = "OK"
val test12E : string = "OK"
val test12F : string = "OK"
val test12G : string = "OK"
val test12H : string = "OK"
val test12I : string = "OK"
val test12J : string = "OK"
val test12K : string = "OK"
val test12L : string = "OK"
val test12M : string = "OK"
val test12N : string = "OK"
val test12O : string = "OK"
val test12P : string = "OK"
val test12Q : string = "OK"
val test12R : string = "OK"
val test12S : string = "OK"
val test12T : string = "OK"
val test12U : string = "OK"
val test12V : string = "OK"
val test12W : string = "OK"
val test12X : string = "OK"
val test12Y : string = "OK"
val test12Z : string = "OK"
val test12a : string = "OK"
val test12aa : string = "OK"
val test12ab : string = "OK"
val test12ac : string = "OK"
val test12ad : string = "OK"
val test12ae : string = "OK"
val test12af : string = "OK"
val test12ag : string = "OK"
val test12ah : string = "OK"
val test12ai : string = "OK"
val test12aj : string = "OK"
val test12ak : string = "OK"
val test12al : string = "OK"
val test12b : string = "OK"
val test12c : string = "OK"
val test12d : string = "OK"
val test12e : string = "OK"
val test12f : string = "OK"
val test12g : string = "OK"
val test12h : string = "OK"
val test12i : string = "OK"
val test12j : string = "OK"
val test12k : string = "OK"
val test12l : string = "OK"
val test12m : string = "OK"
val test12n : string = "OK"
val test12o : string = "OK"
val test12p : string = "OK"
val test12q : string = "OK"
val test12r : string = "OK"
val test12s : string = "OK"
val test12t : string = "OK"
val test12u : string = "OK"
val test12v : string = "OK"
val test12w : string = "OK"
val test12x : string = "OK"
val test12y : string = "OK"
val test12z : string = "OK"
val test13a : string = "OK"
val test13b : string = "OK"
val test13c : string = "OK"
val test13d : string = "OK"
val test13e : string = "OK"
val test1a : string = "OK"
val test1b : string = "OK"
val test1c : string = "OK"
val test2a : string = "OK"
val test2b : string = "OK"
val test2c : string = "OK"
val test2d : string = "OK"
val test3a : string = "OK"
val test3b : string = "OK"
val test3c : string = "OK"
val test3d : string = "OK"
val test4a : string = "OK"
val test4b : string = "OK"
val test4c : string = "OK"
val test4d : string = "OK"
val test4e : string = "OK"
val test4f : string = "OK"
val test4g : string = "OK"
val test5a : string = "OK"
val test5b : string = "OK"
val test5c : string = "OK"
val test5d : string = "OK"
val test5e : string = "OK"
val test6a : string = "OK"
val test6b : string = "OK"
val test6c : string = "OK"
val test6d : string = "OK"
val test6e : string = "OK"
val test7a : string = "OK"
val test7b : string = "OK"
val test7c : string = "OK"
val test7d : string = "OK"
val test7e : string = "OK"
val test8a : string = "OK"
val test8b : string = "OK"
val test8c : string = "OK"
val test8d : string = "OK"
val test8e : string = "OK"
val test8f : string = "OK"
val test8g : string = "OK"
val test8h : string = "OK"
val test8i : string = "OK"
val test8j : string = "OK"
val test8k : string = "OK"
val test8l : string = "OK"
val test9a : string = "OK"
val test9b : string = "OK"
val test9c : string = "OK"
