val out : string -> unit = fn
val finish : unit -> unit = fn
val recursive_atExit : unit -> unit = fn
val after_exit : unit -> unit = fn
val recursive_exit : unit -> unit = fn
val start : unit -> unit = fn
val it : unit = ()
val it : unit = ()
val it : unit = ()
val it : unit = ()
val it : unit = ()
starting ...
Starting recursive exit ...
after recursive exit, trying atExit case ...
finished.
