val out : string -> unit = fn
val finish : unit -> unit = fn
val k : unit -> unit = fn
val j : unit -> unit = fn
val i : unit -> unit = fn
val h : unit -> unit = fn
val g : unit -> unit = fn
val f : unit -> unit = fn
val e : unit -> unit = fn
val d : unit -> unit = fn
val c : unit -> unit = fn
val b : unit -> unit = fn
val a : unit -> unit = fn
val start : unit -> unit = fn
val it : unit = ()
val it : unit = ()
val it : unit = ()
val it : unit = ()
val it : unit = ()
val it : unit = ()
val it : unit = ()
val it : unit = ()
val it : unit = ()
val it : unit = ()
val it : unit = ()
val it : unit = ()
val it : unit = ()
starting ...
a.
b.
c.
d.
e.
f.
g.
h.
i.
j.
k.
finished.
