Vector read succeeded.
VectorNB read succeeded.
Array read succeeded.
val buffer : BinPrimIO.array = A(#B[0, 1, 2, 3, 4, 5, 6, 7, 8, 9])
val compare : int -> unit = fn
val f : {buf: BinPrimIO.array, i: int, sz: int option} -> int = fn
val makearray : (BinPrimIO.array * int * int) -> unit = fn
val makelist : int -> BinIO.elem list = fn
val nextno : unit -> BinIO.elem = fn
val number : BinIO.elem ref = ref(0w9)
val r : BinPrimIO.reader = RD {avail=fn, block=SOME fn, canInput=SOME fn, chunkSize=5, close=fn, endPos=SOME fn, getPos=SOME fn, ioDesc=NONE, name="Douglas", readArr=NONE, readArrNB=SOME fn, readVec=NONE, readVecNB=NONE, setPos=SOME fn, verifyPos=NONE}
val r' : BinPrimIO.reader = RD {avail=fn, block=SOME fn, canInput=SOME fn, chunkSize=5, close=fn, endPos=SOME fn, getPos=SOME fn, ioDesc=NONE, name="Douglas", readArr=SOME fn, readArrNB=SOME fn, readVec=SOME fn, readVecNB=SOME fn, setPos=SOME fn, verifyPos=NONE}
val s : int -> unit = fn
val test1 : unit = ()
val test2 : unit = ()
val test3 : unit = ()
val x : int = 9
val y : BinIO.vector = _
