Vector write succeeded.
Array write succeeded.
ArrayNB write succeeded.
val a : BinPrimIO.array = A(#B[1, 2, 3, 4, 5, 6, 7, 8, 9, 10])
val compare : int -> unit = fn
val f : {buf: BinPrimIO.array, i: int, sz: int option} -> int option = fn
val makelist : int -> BinIO.elem list = fn
val nextno : unit -> BinIO.elem = fn
val number : BinIO.elem ref = ref(0w10)
val reset : unit -> unit = fn
val result : BinIO.vector ref = ref(_)
val test1 : unit = ()
val test2 : unit = ()
val test3 : unit = ()
val v : BinIO.vector = _
val w : BinPrimIO.writer = WR {block=SOME fn, canOutput=SOME fn, chunkSize=5, close=fn, endPos=SOME fn, getPos=SOME fn, ioDesc=NONE, name="Cornelia", setPos=SOME fn, verifyPos=NONE, writeArr=NONE, writeArrNB=NONE, writeVec=NONE, writeVecNB=SOME fn}
val w' : BinPrimIO.writer = WR {block=SOME fn, canOutput=SOME fn, chunkSize=5, close=fn, endPos=SOME fn, getPos=SOME fn, ioDesc=NONE, name="Cornelia", setPos=SOME fn, verifyPos=NONE, writeArr=SOME fn, writeArrNB=SOME fn, writeVec=SOME fn, writeVecNB=SOME fn}
val x : int option = SOME 10
