val exact : real -> string = fn
val from : string -> real = fn
val opt : 'a option -> 'a = fn
val rep : real -> string = fn
val equal : (real * real) -> bool = fn
val test1 : real -> bool = fn
val test2 : string -> bool = fn
val test_read : string -> (string * string) option = fn
val check_overflow : (unit -> 'a) -> bool = fn
val deccheck : real -> bool = fn
val t1 : bool list = [true, true, true, true, true, true, true, true, true]
val t10 : bool list = [true, true, true, true, true, true, true, true, true, true]
val t2 : bool list = [true, true, true]
val t3 : bool = true
val t4 : bool list = [true, true, true, true, true]
val t5 : bool list = [true, true, true, true, true, true, true, true, true, true]
val t6 : bool list = [true, true, true, true]
val t7 : bool list = [true]
val t8 : bool list = [true, true, true, true, true]
val t9 : bool list = [true, true, true, true, true, true, true]
