val check_exn : (StringCvt.realfmt * real) -> string = fn
val check_res : (StringCvt.realfmt * real * string) -> string = fn
val nan : real = nan
val neginf : real = ~inf
val posinf : real = inf
val test1a : string = "OK"
val test1b : string = "OK"
val test1c : string = "OK"
val test1d : string = "OK"
val test2a : string = "OK"
val test2b : string = "OK"
val test2c : string = "OK"
val test2d : string = "OK"
val test2e : string = "OK"
val test2f : string = "OK"
val test2g : string = "OK"
val test3a : string = "OK"
val test3b : string = "OK"
val test3c : string = "OK"
val test3d : string = "OK"
val test3e : string = "OK"
val test3f : string = "OK"
val test3g : string = "OK"
val test4a : string = "OK"
val test4c : string = "OK"
val test4d : string = "OK"
val test4e : string = "OK"
val test4f : string = "OK"
val test4g : string = "OK"
val test5a : string = "OK"
val test5b : string = "OK"
val test5c : string = "OK"
val test5d : string = "OK"
val test5e : string = "OK"
val test5f : string = "OK"
val test5g : string = "OK"
val test5h : string = "OK"
val test5i : string = "OK"
