infix 1 seq
val seq : ('a * 'b) -> 'b = fn
val check : bool -> string = fn
val say : string -> unit = fn
val check' : (unit -> bool) -> string = fn
val range : (int * int) -> (int -> bool) -> bool = fn
val nextAfter : (real * real) -> real = fn
infix 0 ?=
val ?= : (real * real) -> bool = fn
val test_1 : string = "OK"
val test_2 : string = "OK"
val test_3 : string = "OK"
val test_4 : string = "OK"
val test_5 : string = "OK"
val test_6 : string = "OK"
val test_7 : string = "OK"
val test_8 : string = "OK"
val test_9 : string = "OK"
val test_10 : string = "OK"
