infix 1 seq
val seq : ('a * 'b) -> 'b = fn
val say : string -> unit = fn
val check : bool -> string = fn
val check' : (unit -> bool) -> string = fn
val range : (int * int) -> (int -> bool) -> bool = fn
val checkrange : (int * int) -> (int -> bool) -> string = fn
val chk : (string * real) -> string = fn
val test1 : string = "OK"
val test10 : string list = ["OK", "OK", "OK", "OK", "OK", "OK", "OK", "OK", "OK", "OK", ..]
val test11 : string list = ["OK", "OK", "OK", "OK"]
val test2 : string = "OK"
val test3 : string = "OK"
val test4 : string = "OK"
val test5 : string = "OK"
val test6 : string = "OK"
val test7 : string = "OK"
val test8 : string = "OK"
val test9 : string list = ["OK", "OK", "OK", "OK", "OK", "OK", "OK", "OK", "OK", "OK", ..]
