infix 1 seq
val seq : ('a * 'b) -> 'b = fn
val check : bool -> string = fn
val say : string -> unit = fn
val check' : (unit -> bool) -> string = fn
val range : (int * int) -> (int -> bool) -> bool = fn
val checkrange : (int * int) -> (int -> bool) -> string = fn
infix 0 ==
val == : (RealVector.vector * RealVector.vector) -> bool = fn
val a : RealArray.array = #F[0.1, 1.1, 2.1, 3.1, 4.1, 5.1, 6.1]
val a2v : RealArray.array -> RealVector.vector = fn
val array0 : RealArray.array = #F[]
val b : RealArray.array = #F[44.1, 55.1, 66.1]
val c : RealArray.array = #F[0.1, 1.1, 2.1, 3.1, 4.1, 5.1, 6.1]
val copyinp : RealArray.array -> unit = fn
val d : RealArray.array = #F[0.1, 1.1, 2.1, 3.1, 4.1, 5.1, 6.1, 0.1, 1.1, 2.1, ..]
val e : RealArray.array = #F[0.1, 1.1, 2.1, 3.1, 4.1, 5.1, 6.1, 0.1, 1.1, 2.1, ..]
val ev : RealVector.vector = _
val f : RealVector.vector = _
val g : RealArray.array = #F[1.1, 2.1, 3.1, 4.1, 5.1, 6.1, 0.1, 1.1, 2.1, 3.1, ..]
val inp : RealArray.array = #F[7.0, 9.0, 13.0]
val minus : (int * real) -> real = fn
val plus : (int * real) -> real = fn
val pni : RealArray.array = #F[13.0, 9.0, 7.0]
val test1 : string = "OK"
val test10a : string = "OK"
val test10b : string = "OK"
val test10c : string = "OK"
val test10d : string = "OK"
val test10e : string = "OK"
val test10f : string = "OK"
val test10g : string = "OK"
val test10h : string = "OK"
val test10i : string = "OK"
val test11a : string = "OK"
val test11b : string = "OK"
val test11c : string = "OK"
val test11d : string = "OK"
val test11e : string = "OK"
val test11f : string = "OK"
val test11g : string = "OK"
val test11h : string = "OK"
val test11i : string = "OK"
val test11j : string = "OK"
val test11k : string = "OK"
val test12a : string = "OK"
val test12b : string = "OK"
val test12d : string = "OK"
val test12e : string = "OK"
val test13a : string = "OK"
val test13b : string = "OK"
val test13c : string = "OK"
val test13d : string = "OK"
val test13e : string = "OK"
val test13f : string = "OK"
val test13g : string = "OK"
val test13h : string = "OK"
val test13i : string = "OK"
val test13j : string = "OK"
val test13k : string = "OK"
val test13l : string = "OK"
val test13m : string = "OK"
val test13n : string = "OK"
val test15a : string = "OK"
val test15b : string = "OK"
val test15c : string = "OK"
val test15d : string = "OK"
val test15e : string = "OK"
val test15f : string = "OK"
val test15g : string = "OK"
val test15h : string = "OK"
val test16a : string = "OK"
val test16b : string = "OK"
val test16c : string = "OK"
val test16d : string = "OK"
val test16e : string = "OK"
val test16f : string = "OK"
val test16g : string = "OK"
val test2 : string = "OK"
val test3 : string = "OK"
val test4a : string = "OK"
val test4b : string = "OK"
val test4c : string = "OK"
val test5a : string = "OK"
val test5b : string = "OK"
val test6a : string = "OK"
val test6b : string = "OK"
val test6c : string = "OK"
val test7 : string = "OK"
val test8a : string = "OK"
val test8b : string = "OK"
val test9 : string = "OK"
val test9a : string = "OK"
val test9b : string = "OK"
val test9c : string = "OK"
val test9d : string = "OK"
val test9e : string = "OK"
val test9f : string = "OK"
val test9g : string = "OK"
val test9h : string = "OK"
val test9i : string = "OK"
val test9j : string = "OK"
