test succeeded.
test succeeded.
test succeeded.
test succeeded.
test succeeded.
test succeeded.
test succeeded.
test succeeded.
test succeeded.
test succeeded.
val amy : TextIO.StreamIO.outstream = Out {data=A(#B[83, 101, 118, 101, 110, 32, 69, 105, 103, 104, ..]), mode=ref(LINE_BUF), name="Amy", pos=ref(0), writer=ref(PUTmore WR {block=NONE, canOutput=SOME .., chunkSize=20, close=fn, endPos=SOME .., getPos=SOME .., ioDesc=NONE, name="Amy", setPos=SOME .., verifyPos=NONE, writeArr=SOME .., writeArrNB=SOME .., writeVec=SOME .., writeVecNB=SOME ..})}
val arthur : TextIO.StreamIO.instream = In {buffer=Buf {basePos=SOME _, data=_, emptyMeansEof=false, more=ref(ISmore(Buf ..)), name="Arthur"}, pos=0}
val benjamin : TextIO.StreamIO.instream = In {buffer=Buf {basePos=SOME _, data=_, emptyMeansEof=true, more=ref(ISmore(Buf ..)), name="Arthur"}, pos=5}
val colin : TextIO.StreamIO.instream = In {buffer=Buf {basePos=SOME _, data=_, emptyMeansEof=true, more=ref(ISmore(Buf ..)), name="Arthur"}, pos=5}
val comm_medium : string ref = ref("Yes, ")
val dave : TextIO.StreamIO.instream = In {buffer=Buf {basePos=SOME _, data=_, emptyMeansEof=true, more=ref(ISmore(Buf ..)), name="Arthur"}, pos=5}
val pos : int ref = ref(5)
val r : TextPrimIO.reader = RD {avail=fn, block=SOME fn, canInput=SOME fn, chunkSize=5, close=fn, endPos=SOME fn, getPos=SOME fn, ioDesc=NONE, name="Arthur", readArr=NONE, readArrNB=NONE, readVec=SOME fn, readVecNB=NONE, setPos=SOME fn, verifyPos=NONE}
val reportOK : bool -> unit = fn
val s1 : string = "One T"
val s2 : string = "wo Th"
val s3 : string = "ree\n1Four Five Six\nSeven Eight Nine."
val test1 : (string * TextIO.StreamIO.instream) = ("One T", In {buffer=Buf {basePos=SOME _, data=_, emptyMeansEof=true, more=ref(ISmore(..)), name="Arthur"}, pos=5})
val test2 : (string * TextIO.StreamIO.instream) = ("One T", In {buffer=Buf {basePos=SOME _, data=_, emptyMeansEof=true, more=ref(ISmore(..)), name="Arthur"}, pos=5})
val test3 : (string * TextIO.StreamIO.instream) = ("wo Th", In {buffer=Buf {basePos=SOME _, data=_, emptyMeansEof=true, more=ref(ISmore(..)), name="Arthur"}, pos=5})
val test4 : (string * TextIO.StreamIO.instream) = ("One T", In {buffer=Buf {basePos=SOME _, data=_, emptyMeansEof=true, more=ref(ISmore(..)), name="Arthur"}, pos=5})
val test5 : string = "ree\n1Four Five Six\nSeven Eight Nine."
val test6 : (string * TextIO.StreamIO.instream) = ("wo Th", In {buffer=Buf {basePos=SOME _, data=_, emptyMeansEof=true, more=ref(ISmore(..)), name="Arthur"}, pos=5})
val text2 : bool = true
val the_answer : string = "One Two Three\n1Four Five Six\nSeven Eight Nine."
val w : TextPrimIO.writer = WR {block=NONE, canOutput=SOME fn, chunkSize=20, close=fn, endPos=SOME fn, getPos=SOME fn, ioDesc=NONE, name="Amy", setPos=SOME fn, verifyPos=NONE, writeArr=NONE, writeArrNB=NONE, writeVec=SOME fn, writeVecNB=NONE}
val x : unit = ()
