test1a:OK
test1b:OKEXN
test1c:OKEXN
test1d:OKEXN
test1e:OKEXN
test1f:OKEXN
test1g:OKEXN
test1h:OK
test2a:OK
test2b:OKEXN
test2c:OKEXN
test3a:OK
test3b:OKEXN
test3c:OKEXN
test4a:OK
test5a:OK
test6a:OK
test6:OK
test7:OK
test8a:OK
test8b:OKEXN
test8c:OKEXN
test8d:OKEXN
test8e:OKEXN
test8f:OKEXN
test9a:OK
test9b:OK
test9c:OKEXN
test9d:OKEXN
test9e:OKEXN
test9f:OKEXN
test9g:OKEXN
test9h:OKEXN
test12:OK
test13:OK
test14:OK
test15:OK
test16:OK
test17:OK
test18:OK
test19:OK
test20:OK
test21:OK
test22a:OK
test22b:OK
test23:OK
test24:OK
test25:OK
test26a:OK
test26b:OK
test27a:OK
test27b:OK
test28:OK
test29a:OK
test29b:OKEXN
test29c:OKEXN
test30a:OK
test30b:OKEXN
test30c:OKEXN
test30d:OKEXN
test30e:OKEXN
test31:OK
test32:OKEXN
test33:OK
test34:OK
test35:OKEXN
test36:OKEXN
val it : unit = ()
