val data : string = ""
val inp : TextIO.StreamIO.instream = In {buffer=Buf {basePos=SOME _, data=_, emptyMeansEof=false, more=ref(ISmore(Buf ..)), name="123"}, pos=0}
val inp' : TextIO.StreamIO.instream = In {buffer=Buf {basePos=SOME _, data=_, emptyMeansEof=true, more=ref(ISmore(Buf ..)), name="123"}, pos=4}
val inp'' : TextIO.StreamIO.instream = In {buffer=Buf {basePos=SOME _, data=_, emptyMeansEof=true, more=ref(ISmore(Buf ..)), name="123"}, pos=7}
val inp''' : TextIO.StreamIO.instream = In {buffer=Buf {basePos=SOME _, data=_, emptyMeansEof=true, more=ref(ISmore(Buf ..)), name="123"}, pos=7}
val reportOK : bool -> string = fn
val test1 : string = "test succeeded."
val test2 : string = "test succeeded."
val test3 : string = "test succeeded."
