val fromReal_a : bool = true
val fromReal_b : bool = true
val toReal_a : bool = true
val fromSeconds_a : bool = true
val fromSeconds_b : bool = true
val toSeconds_a : bool = true
val toSeconds_b : bool = true
val fromMilliseconds_a : bool = true
val fromMilliseconds_b : bool = true
val toMilliseconds_a : bool = true
val fromMicroseconds_a : bool = true
val fromMicroseconds_b : bool = true
val toMicroseconds_a : bool = true
val plus_a : bool = true
val plus_b : bool = true
val sub_a : bool = true
val sub_b : bool = true
val sub_c : bool = true
val sub_d : bool = true
val leq_a : bool = true
val leq_b : bool = true
val leq_c : bool = true
val leq_d : bool = true
val leq_e : bool = true
val geq_a : bool = true
val geq_b : bool = true
val geq_c : bool = true
val geq_e : bool = true
val geq_d : bool = true
val lt_a : bool = true
val lt_b : bool = true
val lt_c : bool = true
val lt_d : bool = true
val lt_e : bool = true
val gt_a : bool = true
val gt_b : bool = true
val gt_c : bool = true
val gt_d : bool = true
val gt_e : bool = true
val toString_a : bool = true
val toString_b : bool = true
val toString_c : bool = true
val toString_d : bool = true
val toString_e : bool = true
val fmt_a : bool = true
val fmt_b : bool = true
val fmt_c : bool = true
val fmt_d : bool = true
val fmt_e : bool = true
val fmt_f : bool = true
val fmt_g : bool = true
val fmt_h : bool = true
val fmt_h : bool = true
val fromString_a : bool = true
val fromString_b : bool = true
val fromString_c : bool = true
val fromString_d : bool = true
val fromString_e : bool = true
val fromString_f : bool = true
val fromString_g : bool = true
