infix 1 seq
val seq : ('a * 'b) -> 'b = fn
val check : bool -> string = fn
val check' : (unit -> bool) -> string = fn
val checkexn' : exn -> (unit -> 'a) -> string = fn
val range : (int * int) -> (int -> bool) -> bool = fn
val checkrange : (int * int) -> (int -> bool) -> string = fn
val a : BinIO.vector = _
val add1 : BinIO.elem -> BinIO.elem = fn
val addi : (int * BinIO.elem) -> BinIO.elem = fn
val b : BinIO.vector = _
val c : BinIO.vector = _
val d : BinIO.vector = _
val e : BinIO.vector = _
val f : BinIO.vector = _
val fromList' : int list -> BinIO.vector = fn
val test1 : string = "OK"
val test2 : string = "OK"
val test3 : string = "OK"
val test4a : string = "OK"
val test4b : string = "OK"
val test4c : string = "OK"
val test5 : string = "OK"
val test6a : string = "OK"
val test6b : string = "OK"
val test6c : string = "OK"
val test7 : string = "OK"
val test8 : string = "OK"
val test9 : string = "OK"
val test9a : string = "OK"
val test9b : string = "OK"
val test9c : string = "OK"
val test9d : string = "OK"
val test9e : string = "OK"
val test9f : string = "OK"
val test9g : string = "OK"
val test9h : string = "OK"
val test9i : string = "OK"
val testAa : string = "OK"
val testAb : string = "OK"
val testAc : string = "OK"
val testAd : string = "OK"
val testAe : string = "OK"
val testAf : string = "OKEXN"
val testAga : string = "OK"
val testAgb : string = "OKEXN"
val testAh : string = "OK"
val testAi : string = "OK"
val testAj : string = "OKEXN"
val testAk : string = "OK"
val testAl : string = "OKEXN"
val v : BinIO.vector = _
