Pass
Pass2
Pass3
Pass4
Pass5
val a : MLWorks.Internal.ByteArray.bytearray = #B[0, 1, 2, 3, 4, 5, 6, 7, 8, 9]
val b : MLWorks.Internal.ByteArray.bytearray = #B[0, 0, 1, 2, 3, 0, 0, 0, 0, 0]
val c : MLWorks.Internal.ByteArray.bytearray = #B[3, 2, 1]
val d : MLWorks.Internal.ByteArray.bytearray = #B[3, 11, 1]
val e : MLWorks.Internal.ByteArray.bytearray = #B[253, 2, 1]
val f : MLWorks.Internal.ByteArray.bytearray = #B[0, 9, 4]
