val test1 : bool = true
val test2 : bool = true
val test3 : bool = true
val test4 : bool = true
val test5 : bool = true
val test6a : bool = true
val test6b : bool = true
val test7a : bool = true
val test7b : bool = true
val test7c : bool = true
val test7d : bool = true
val test8a : bool = true
val test8b : bool = true
val test8c : bool = true
val test8d : bool = true
val test9 : bool = true
val test10 : bool = true
val test11 : bool = true
val test12a : bool = true
val test12b : bool = true
val alltrue : bool = true
