Floor test OK
val t1 : bool = true
val t10 : bool = true
val t11 : bool = true
val t12 : bool = true
val t13 : bool = true
val t14 : bool = true
val t15 : bool = true
val t2 : bool = true
val t3 : bool = true
val t4 : bool = true
val t5 : bool = true
val t6 : bool = true
val t7 : bool = true
val t8 : bool = true
val t9 : bool = true
