val it : unit = ()
val length : 'a list -> int = fn
val print : int -> unit = fn
eqtype float = real
eqtype intg = int
eqtype pt = (real * real * real)
val constant_minus_pi : float = ~3.141592654
val constant_minus_pi2 : float = ~1.570796327
val constant_pi : float = 3.141592654
val constant_pi2 : float = 1.570796327
val math_atan2 : float -> float -> float = fn
val pt_phi : (float * float * float) -> float = fn
val pt_sub : (float * float * float) -> (float * float * float) -> (float * float * float) = fn
val pt_theta : (float * 'a * float) -> float = fn
val result : bool = true
val tfo_apply : (float * float * float * float * float * float * float * float * float * float * float * float) -> (float * float * float) -> (float * float * float) = fn
val tfo_id : (float * float * float * float * float * float * float * float * float * float * float * float) = (1.0, 0.0, 0.0, 0.0, 1.0, 0.0, 0.0, 0.0, 1.0, 0.0, 0.0, 0.0)
