val a : Int16.int = 12
val aa : Int16.int = 12
val ab : Int16.int = 19
val ac : Int16.int = 15
val ad : Int16.int = 9
val ae : Int16.int = 14
val af : Int16.int = 16384
val ag : Int16.int = 3
val ah : Int16.int = ~16384
val ai : Int16.int = ~32768
val aj : Int16.int = 1
val ak : Int16.int = 5
val al : Int16.int = 7
val am : Int16.int = 11
val an : Int16.int = 128
val ao : Int16.int = 256
val ap : Int16.int = 13
val aq : Int16.int = ~32768
val ar : Int16.int = 15
val at : Int16.int = ~32768
val au : Int16.int = 19
val aw : Int16.int = 10922
val ax : Int16.int = 23
val ay : Int16.int = 29
val az : Int16.int = 31
val b : Int16.int = 2
val c : Int16.int = 2
val d : Int16.int = ~3
val e : Int16.int = ~3
val f : Int16.int = ~12
val g : Int16.int = 3
val h : Int16.int = ~3
val i : Int16.int = ~2
val j : Int16.int = 2
val ss : Int16.int = 17
