val a : Int32.int = 12
val b : Int32.int = 19
val c : Int32.int = 15
val d : Int32.int = 9
val e : Int32.int = 14
val f : Int32.int = 1073741824
val g : Int32.int = 3
val h : Int32.int = ~1073741824
val i : Int32.int = ~2147483648
val j : Int32.int = 1
val k : Int32.int = 5
val l : Int32.int = 7
val m : Int32.int = 11
val n : Int32.int = 32768
val oo : Int32.int = 65536
val p : Int32.int = 13
val q : Int32.int = ~2147483648
val r : Int32.int = 15
val s : Int32.int = 17
val t : Int32.int = ~2147483648
val u : Int32.int = 19
val w : Int32.int = 715827882
val x : Int32.int = 23
val y : Int32.int = 29
val z : Int32.int = 31
