val a : Int8.int = 12
val aa : Int8.int = 12
val ab : Int8.int = 19
val ac : Int8.int = 15
val ad : Int8.int = 9
val ae : Int8.int = 14
val af : Int8.int = 64
val ag : Int8.int = 3
val ah : Int8.int = ~64
val ai : Int8.int = ~128
val aj : Int8.int = 1
val ak : Int8.int = 5
val al : Int8.int = 7
val am : Int8.int = 11
val an : Int8.int = 8
val ao : Int8.int = 16
val ap : Int8.int = 13
val aq : Int8.int = ~128
val ar : Int8.int = 15
val at : Int8.int = ~128
val au : Int8.int = 19
val aw : Int8.int = 42
val ax : Int8.int = 23
val ay : Int8.int = 29
val az : Int8.int = 31
val b : Int8.int = 2
val c : Int8.int = 2
val d : Int8.int = ~3
val e : Int8.int = ~3
val f : Int8.int = ~12
val g : Int8.int = 3
val h : Int8.int = ~3
val i : Int8.int = ~2
val j : Int8.int = 2
val ss : Int8.int = 17
