datatype a =
  A |
  B |
  C |
  D |
  E |
  F |
  G |
  H |
  I |
  J |
  K |
  L |
  M |
  N |
  O |
  P |
  Q |
  R |
  S |
  T |
  U |
  V |
  W |
  X |
  Y |
  Z |
  a |
  b |
  c |
  d |
  e |
  f |
  g |
  h |
  i |
  j |
  k |
  l |
  m |
  n |
  o |
  p |
  q |
  r |
  s |
  t |
  u |
  v |
  w |
  x |
  y |
  z
val A : a
val B : a
val C : a
val D : a
val E : a
val F : a
val G : a
val H : a
val I : a
val J : a
val K : a
val L : a
val M : a
val N : a
val O : a
val P : a
val Q : a
val R : a
val S : a
val T : a
val U : a
val V : a
val W : a
val X : a
val Y : a
val Z : a
val a : a
val b : a
val c : a
val d : a
val e : a
val f : a
val foo : a -> int = fn
val g : a
val h : a
val i : a
val j : a
val k : a
val l : a
val m : a
val n : a
val o : a
val p : a
val q : a
val r : a
val s : a
val t : a
val u : a
val v : a
val w : a
val x : a
val y : a
val z : a
