val f : int -> bool = fn
val f' : int -> bool = fn
val g : int -> bool = fn
val g' : int -> bool = fn
val h : int -> bool = fn
val h' : int -> bool = fn
val i : int -> bool = fn
val i' : int -> bool = fn
val a : bool = true
val f : int -> bool = fn
val it : bool = true
val f : int -> bool = fn
val it : bool = true
val f : int -> bool = fn
val it : bool = true
val f : int -> bool = fn
val it : bool = true
val f : int -> bool = fn
val it : bool = true
val f : int -> bool = fn
val it : bool = true
val f : int -> bool = fn
val it : bool = true
val f : int -> bool = fn
val it : bool = true
val f : int -> bool = fn
val it : bool = true
val f : int -> bool = fn
val it : bool = true
val f : int -> bool = fn
val it : bool = true
val f : int -> bool = fn
val it : bool = true
val f : word -> bool = fn
val it : bool = true
val f : word -> bool = fn
val it : bool = true
val f : word -> bool = fn
val it : bool = true
val f : word -> bool = fn
val it : bool = true
val f : word -> bool = fn
val it : bool = true
val f : word -> bool = fn
val it : bool = true
val f : word -> bool = fn
val it : bool = true
val f : word -> bool = fn
val it : bool = true
val f : int -> bool = fn
val it : bool = true
val f : int -> bool = fn
val it : bool = true
val f : int -> bool = fn
val it : bool = true
val f : int -> bool = fn
val it : bool = true
val f : word -> bool = fn
val it : bool = true
val f : word -> bool = fn
val it : bool = true
val f : word -> bool = fn
val it : bool = true
val f : word -> bool = fn
val it : bool = true
val f : int -> bool = fn
val it : bool = true
val f : int -> bool = fn
val it : bool = true
val f : int -> bool = fn
val it : bool = true
val f : int -> bool = fn
val it : bool = true
val f : int -> bool = fn
val it : bool = true
val f : int -> bool = fn
val it : bool = true
val f : int -> bool = fn
val it : bool = true
val f : int -> bool = fn
val it : bool = true
val f : word -> bool = fn
val it : bool = true
val f : word -> bool = fn
val it : bool = true
val f : word -> bool = fn
val it : bool = true
val f : word -> bool = fn
val it : bool = true
val f : word -> bool = fn
val it : bool = true
val f : word -> bool = fn
val it : bool = true
val f : word -> bool = fn
val it : bool = true
val f : word -> bool = fn
val it : bool = true
val f : int -> int -> bool = fn
val it : bool = true
val f : int -> int -> bool = fn
val it : bool = true
val f : int -> int -> bool = fn
val it : bool = true
val f : int -> int -> bool = fn
val it : bool = true
val f : int -> int -> bool = fn
val it : bool = true
val f : int -> int -> bool = fn
val it : bool = true
val f : word -> word -> bool = fn
val it : bool = true
val f : word -> word -> bool = fn
val it : bool = true
val f : word -> word -> bool = fn
val it : bool = true
val f : word -> word -> bool = fn
val it : bool = true
val f : word -> word -> bool = fn
val it : bool = true
val f : word -> word -> bool = fn
val it : bool = true
val f : int -> bool = fn
val it : bool = true
val f : int -> bool = fn
val it : bool = true
val f : int -> bool = fn
val it : bool = true
val f : int -> bool = fn
val it : bool = true
val f : int -> bool = fn
val it : bool = true
val f : int -> bool = fn
val it : bool = true
val f : int -> bool = fn
val it : bool = true
val f : int -> bool = fn
val it : bool = true
val f : int -> bool = fn
val it : bool = true
