val a : Word16.word = 0w12
val aa : Word16.word = 0w12
val ab : Word16.word = 0w19
val ad : Word16.word = 0w9
val af : Word16.word = 0w32768
val ag : Word16.word = 0w0
val ah : Word16.word = 0w32768
val ai : Word16.word = 0w0
val aj : Word16.word = 0w65535
val al : Word16.word = 0w0
val am : Word16.word = 0w0
val an : Word16.word = 0w8
val ao : Word16.word = 0w16
val ap : Word16.word = 0w128
val aq : Word16.word = 0w65408
val ar : Word16.word = 0w65280
val at : Word16.word = 0w65408
val ax : Word16.word = 0w23
val b : Word16.word = 0w2
val c : Word16.word = 0w2
val f : Word16.word = 0w65524
val g : Word16.word = 0w4
val h : Word16.word = 0w13104
val ss : Word16.word = 0w17
