val a : BinIO.elem = 0w12
val aa : BinIO.elem = 0w12
val ab : BinIO.elem = 0w19
val ad : BinIO.elem = 0w9
val af : BinIO.elem = 0w128
val ag : BinIO.elem = 0w0
val ah : BinIO.elem = 0w128
val ai : BinIO.elem = 0w0
val aj : BinIO.elem = 0w255
val al : BinIO.elem = 0w0
val am : BinIO.elem = 0w0
val an : BinIO.elem = 0w8
val ao : BinIO.elem = 0w16
val ap : BinIO.elem = 0w128
val aq : BinIO.elem = 0w128
val ar : BinIO.elem = 0w0
val at : BinIO.elem = 0w128
val ax : BinIO.elem = 0w23
val b : BinIO.elem = 0w2
val c : BinIO.elem = 0w2
val f : BinIO.elem = 0w244
val g : BinIO.elem = 0w4
val h : BinIO.elem = 0w48
val ss : BinIO.elem = 0w17
