val applyToInDesc : string -> (OS.IO.iodesc -> 'a) -> 'a = fn
val applyToOutDesc : string -> (OS.IO.iodesc -> 'a) -> 'a = fn
val available_test : ((OS.IO.poll_desc -> OS.IO.poll_desc) * (bool -> 'a) * (bool -> 'b) * (bool -> 'c) * OS.IO.iodesc) -> ('a * 'b * 'c * bool * bool) option = fn
val id : 'a -> 'a = fn
val ans : ((string * (bool * bool * bool * bool * bool) option) * (string * (bool * bool * bool * bool * bool) option)) = (("available.input.output", NONE), ("available.output.input", SOME (true, true, true, true, true)))
val dir_ans : bool = true
val zero_ans : bool = true
