val base_a : bool = true
val base_b : bool = true
val base_c : bool = true
val base_d : bool = true
val base_e : bool = true
val base_f : bool = true
val base_g : bool = true
val base_h : bool = true
val base_i : bool = true
val base_j : bool = true
val base_k : bool = true
val base_l : bool = true
val base_m : bool = true
val base_n : bool = true
val base_p : bool = true
val concat_a : bool = true
val concat_b : bool = true
val concat_c : bool = true
val concat_d : bool = true
val concat_e : bool = true
val concat_f : bool = true
val concat_g : bool = true
val concat_h : bool = true
val concat_i : bool = true
val concat_j : bool = true
val concat_k : bool = true
val dir_a : bool = true
val dir_b : bool = true
val dir_c : bool = true
val dir_d : bool = true
val dir_e : bool = true
val dir_f : bool = true
val dir_g : bool = true
val dir_h : bool = true
val dir_i : bool = true
val ext_a : bool = true
val ext_b : bool = true
val ext_c : bool = true
val ext_d : bool = true
val ext_e : bool = true
val ext_f : bool = true
val ext_g : bool = true
val ext_h : bool = true
val ext_i : bool = true
val ext_j : bool = true
val ext_k : bool = true
val ext_l : bool = true
val ext_m : bool = true
val ext_n : bool = true
val ext_p : bool = true
val file_a : bool = true
val file_b : bool = true
val file_c : bool = true
val file_d : bool = true
val file_e : bool = true
val file_f : bool = true
val file_g : bool = true
val file_h : bool = true
val file_i : bool = true
val fromString_a : bool = true
val fromString_b : bool = true
val fromString_c : bool = true
val fromString_d : bool = true
val fromString_e : bool = true
val fromString_f : bool = true
val fromString_g : bool = true
val fromString_h : bool = true
val fromString_i : bool = true
val fromString_j : bool = true
val fromString_k : bool = true
val fromString_l : bool = true
val fromString_m : bool = true
val fromString_n : bool = true
val fromUnixPath_a : bool = true
val fromUnixPath_b : bool = true
val fromUnixPath_c : bool = true
val fromUnixPath_d : bool = true
val fromUnixPath_e : bool = true
val getParent_a : bool = true
val getParent_b : bool = true
val getParent_c : bool = true
val getParent_d : bool = true
val getParent_e : bool = true
val getParent_f : bool = true
val getParent_g : bool = true
val getParent_h : bool = true
val getParent_i : bool = true
val getParent_j : bool = true
val getParent_k : bool = true
val getParent_l : bool = true
val getParent_m : bool = true
val getParent_p : bool = true
val getParent_q : bool = true
val getParent_r : bool = true
val getParent_s : bool = true
val getVolume_a : bool = true
val getVolume_b : bool = true
val getVolume_c : bool = true
val getVolume_d : bool = true
val getVolume_e : bool = true
val getVolume_f : bool = true
val getVolume_g : bool = true
val isAbsolute_a : bool = true
val isAbsolute_b : bool = true
val isAbsolute_c : bool = true
val isAbsolute_d : bool = true
val isAbsolute_e : bool = true
val isAbsolute_f : bool = true
val isAbsolute_g : bool = true
val isAbsolute_h : bool = true
val isAbsolute_i : bool = true
val isAbsolute_j : bool = true
val isCanonical_a : bool = true
val isCanonical_b : bool = true
val isCanonical_c : bool = true
val isCanonical_d : bool = true
val isCanonical_e : bool = true
val isCanonical_f : bool = true
val isCanonical_g : bool = true
val isCanonical_h : bool = true
val isCanonical_i : bool = true
val isCanonical_j : bool = true
val isCanonical_k : bool = true
val isCanonical_l : bool = true
val isCanonical_m : bool = true
val isCanonical_n : bool = true
val isCanonical_p : bool = true
val isCanonical_q : bool = true
val isCanonical_r : bool = true
val isCanonical_s : bool = true
val isCanonical_t : bool = true
val isCanonical_u : bool = true
val isCanonical_v : bool = true
val isCanonical_w : bool = true
val isCanonical_x : bool = true
val isCanonical_y : bool = true
val isCanonical_z : bool = true
val isRelative_a : bool = true
val isRelative_b : bool = true
val isRelative_c : bool = true
val isRelative_d : bool = true
val isRelative_e : bool = true
val isRelative_f : bool = true
val isRelative_g : bool = true
val joinBaseExt_a : bool = true
val joinBaseExt_b : bool = true
val joinBaseExt_c : bool = true
val joinBaseExt_d : bool = true
val joinBaseExt_e : bool = true
val joinBaseExt_f : bool = true
val joinBaseExt_g : bool = true
val joinBaseExt_h : bool = true
val joinBaseExt_i : bool = true
val joinBaseExt_j : bool = true
val joinBaseExt_k : bool = true
val joinBaseExt_l : bool = true
val joinDirFile_a : bool = true
val joinDirFile_b : bool = true
val joinDirFile_c : bool = true
val joinDirFile_d : bool = true
val joinDirFile_e : bool = true
val joinDirFile_f : bool = true
val joinDirFile_g : bool = true
val joinDirFile_h : bool = true
val joinDirFile_i : bool = true
val joinDirFile_j : bool = true
val joinDirFile_k : bool = true
val joinDirFile_l : bool = true
val mkAbsolute_a : bool = true
val mkAbsolute_b : bool = true
val mkAbsolute_c : bool = true
val mkAbsolute_d : bool = true
val mkAbsolute_e : bool = true
val mkAbsolute_f : bool = true
val mkAbsolute_g : bool = true
val mkAbsolute_h : bool = true
val mkCanonical_a : bool = true
val mkCanonical_b : bool = true
val mkCanonical_c : bool = true
val mkCanonical_d : bool = true
val mkCanonical_e : bool = true
val mkCanonical_f : bool = true
val mkCanonical_g : bool = true
val mkCanonical_h : bool = true
val mkCanonical_i : bool = true
val mkCanonical_j : bool = true
val mkCanonical_k : bool = true
val mkCanonical_l : bool = true
val mkCanonical_m : bool = true
val mkCanonical_n : bool = true
val mkCanonical_p : bool = true
val mkCanonical_q : bool = true
val mkCanonical_r : bool = true
val mkCanonical_s : bool = true
val mkCanonical_t : bool = true
val mkCanonical_u : bool = true
val mkCanonical_v : bool = true
val mkCanonical_w : bool = true
val mkCanonical_x : bool = true
val mkCanonical_y : bool = true
val mkCanonical_z : bool = true
val mkRelative_a : bool = true
val mkRelative_b : bool = true
val mkRelative_c : bool = true
val mkRelative_d : bool = true
val mkRelative_e : bool = true
val mkRelative_f : bool = true
val mkRelative_g : bool = true
val mkRelative_h : bool = true
val mkRelative_i : bool = true
val mkRelative_j : bool = true
val mkRelative_k : bool = true
val mkRelative_l : bool = true
val mkRelative_m : bool = true
val splitBaseExt_a : bool = true
val splitBaseExt_b : bool = true
val splitBaseExt_c : bool = true
val splitBaseExt_d : bool = true
val splitBaseExt_e : bool = true
val splitBaseExt_f : bool = true
val splitBaseExt_g : bool = true
val splitBaseExt_h : bool = true
val splitBaseExt_i : bool = true
val splitBaseExt_j : bool = true
val splitBaseExt_k : bool = true
val splitBaseExt_l : bool = true
val splitBaseExt_m : bool = true
val splitBaseExt_n : bool = true
val splitBaseExt_p : bool = true
val splitDirFile_a : bool = true
val splitDirFile_b : bool = true
val splitDirFile_c : bool = true
val splitDirFile_d : bool = true
val splitDirFile_e : bool = true
val splitDirFile_f : bool = true
val splitDirFile_g : bool = true
val splitDirFile_h : bool = true
val splitDirFile_i : bool = true
val splitDirFile_j : bool = true
val splitDirFile_k : bool = true
val toString_a : bool = true
val toString_b : bool = true
val toString_c : bool = true
val toString_d : bool = true
val toString_e : bool = true
val toString_f : bool = true
val toString_g : bool = true
val toString_h : bool = true
val toString_i : bool = true
val toString_j : bool = true
val toString_k : bool = true
val toString_l : bool = true
val toString_m : bool = true
val toString_n : bool = true
val toString_p : bool = true
val toString_q : bool = true
val toString_r : bool = true
val toUnixPath_a : bool = true
val toUnixPath_b : bool = true
val toUnixPath_c : bool = true
val toUnixPath_d : bool = true
val toUnixPath_e : bool = true
val validVolume_a : bool = true
val validVolume_b : bool = true
val validVolume_c : bool = true
val validVolume_d : bool = true
val validVolume_e : bool = true
val validVolume_f : bool = true
val validVolume_g : bool = true
