val it : unit = ()
val it : unit = ()
val intlist : int -> int list = fn
Break on stack overflow
Entering debugger, commands: q : Return to top level, c : Continue with extended stack,  ? : more help
Current (innermost) stack frame:
ilist (3416, [3417, 3418, 3419, 3420, 3421, 3422, 3423, 3424, 3425, 3426, ..])
Debugger> val it : int list = [1, 2, 3, 4, 5, 6, 7, 8, 9, 10, ..]
