val it : unit = ()
val it : unit = ()
val intlist : int -> int list = fn
Break on stack overflow
Entering debugger, commands: q : Return to top level, c : Continue with extended stack,  ? : more help
Current (innermost) stack frame:
ilist (6968, [6969, 6970, 6971, 6972, 6973, 6974, 6975, 6976, 6977, 6978, ..])
Debugger> Break on stack overflow
Entering debugger, commands: q : Return to top level, c : Continue with extended stack,  ? : more help
Current (innermost) stack frame:
ilist (3923, [3924, 3925, 3926, 3927, 3928, 3929, 3930, 3931, 3932, 3933, ..])
Debugger> val it : int list = [1, 2, 3, 4, 5, 6, 7, 8, 9, 10, ..]
