................................................................
DFA has 66 states
Loading parsing tables from: parser/ml-tables/
Exception Io[__io.sml:30,15 to 30,41] raised
Entering debugger, commands: q : quit (return to listener),  ? : more help
Current (innermost) stack frame:
parse_table_file<??>
Debugger> 