val fromUnixPath_a : bool = true
val fromUnixPath_b : bool = true
val fromUnixPath_c : bool = true
val fromUnixPath_d : bool = true
val fromUnixPath_e : bool = true
val fromUnixPath_f : bool = true
val fromUnixPath_g : bool = true
val fromUnixPath_h : bool = true
val fromUnixPath_i : bool = true
val fromUnixPath_j : bool = true
val test10a : string = "OK"
val test11a : string = "OK"
val test12 : string = "OK"
val test12a : string = "OK"
val test13 : string = "OK"
val test14 : string = "OK"
val test15 : string = "OK"
val test16 : string = "OK"
val test17 : string = "OK"
val test18 : string = "OK"
val test19 : string = "OK"
val test1a : string = "OK"
val test1b : string = "OK"
val test1c : string = "OK"
val test1d : string = "OK"
val test1e : string = "OK"
val test1f : string = "OK"
val test1g : string = "OK"
val test1h : string = "OK"
val test1i : string = "OK"
val test1j : string = "OK"
val test1k : string = "OK"
val test1l : string = "OK"
val test1m : string = "OK"
val test1n : string = "OK"
val test2a : string = "OK"
val test2b : string = "OK"
val test2c : string = "OK"
val test2d : string = "OK"
val test2e : string = "OK"
val test2f : string = "OK"
val test2g : string = "OK"
val test2h : string = "OK"
val test2i : string = "OK"
val test2j : string = "OK"
val test2k : string = "OK"
val test2l : string = "OK"
val test2m : string = "OK"
val test2n : string = "OK"
val test2o : string = "OK"
val test2p : string = "OK"
val test2q : string = "OK"
val test3b : string = "OK"
val test3c : string = "OK"
val test3d : string = "OK"
val test3e : string = "OK"
val test3f : string = "OK"
val test3g : string = "OK"
val test3h : string = "OK"
val test4a : string = "OK"
val test4b : string = "OK"
val test5a : string = "OK"
val test6a : string = "OK"
val test6b : string = "OK"
val test7a : string = "OK"
val test7b : string = "OK"
val test7c : string = "OK"
val test8a : string = "OK"
val test8b : string = "OK"
val test8c : string = "OK"
val test9a : string = "OK"
val toUnixPath_a : bool = true
val toUnixPath_b : bool = true
val toUnixPath_c : bool = true
val toUnixPath_d : bool = true
val toUnixPath_e : bool = true
val toUnixPath_f : bool = true
val toUnixPath_g : bool = true
val toUnixPath_h : bool = true
val toUnixPath_i : bool = true
val toUnixPath_j : bool = true
