structure Word8Vector = struct ... end
structure TextPrimIO = struct ... end
structure BinStreamIO = struct ... end
structure TextStreamIO = struct ... end
structure BinIO = struct ... end
structure TextIO = struct ... end
structure OSPrimIO = struct ... end
structure BinPrimIO = struct ... end
structure IO = struct ... end
val it : unit = ()
val infn : int -> string = fn
val outfn : {buf: string, i: int, sz: int option} -> int = fn
val r : BinPrimIO.reader = RD {avail=fn, block=SOME fn, canInput=SOME fn, chunkSize=5, close=fn, endPos=SOME fn, getPos=SOME fn, ioDesc=NONE, name="Arthur", readArr=NONE, readArrNB=NONE, readVec=SOME fn, readVecNB=NONE, setPos=SOME fn, verifyPos=NONE}
val result : bool = true
val test_in : string = "Mary had a little lamb,\n a lobster and some prunes.\nYo!"
val teststring : string = "Mary had a little lamb,\n a lobster and some prunes.\nYo!"
val tr : OSPrimIO.text_reader = RD {avail=fn, block=SOME fn, canInput=SOME fn, chunkSize=5, close=fn, endPos=SOME fn, getPos=SOME fn, ioDesc=NONE, name="Arthur", readArr=NONE, readArrNB=NONE, readVec=SOME fn, readVecNB=NONE, setPos=SOME fn, verifyPos=NONE}
val tw : OSPrimIO.text_writer = WR {block=NONE, canOutput=SOME fn, chunkSize=5, close=fn, endPos=SOME fn, getPos=SOME fn, ioDesc=NONE, name="Amy", setPos=SOME fn, verifyPos=NONE, writeArr=NONE, writeArrNB=NONE, writeVec=SOME fn, writeVecNB=NONE}
val w : BinPrimIO.writer = WR {block=NONE, canOutput=SOME fn, chunkSize=5, close=fn, endPos=SOME fn, getPos=SOME fn, ioDesc=NONE, name="Amy", setPos=SOME fn, verifyPos=NONE, writeArr=NONE, writeArrNB=NONE, writeVec=SOME fn, writeVecNB=NONE}
