val it : unit = ()
val it : unit = ()
functor F
structure F1 =
  struct
    val args : int list = [1, 2]
    val f : int list -> unit = fn
  end
structure F2 =
  struct
    val args : string list = ["1", "2"]
    val f : string list -> unit = fn
  end
val it : unit = ()
val it : unit = ()
functor F
structure F1 =
  struct
    val args : int list = [1, 2]
    val f : int list -> unit = fn
  end
structure F2 =
  struct
    val args : string list = ["1", "2"]
    val f : string list -> unit = fn
  end
Entering: f <Unknown arg>
Entering debugger, commands: q : Return to top level, c : Continue interrupted code,  ? : more help
Current (innermost) stack frame:
f<??>
Debugger> 