val it : unit = ()
val it : unit = ()
val intlist : int -> int list = fn
Break on stack overflow
Entering debugger, commands: q : Return to top level, c : Continue with extended stack,  ? : more help
Current (innermost) stack frame:
ilist (4352, [4353, 4354, 4355, 4356, 4357, 4358, 4359, 4360, 4361, 4362, ..])
Debugger> val it : int list = [1, 2, 3, 4, 5, 6, 7, 8, 9, 10, ..]
