structure Foo =
  struct
    datatype Foo =
      BAR of int |
      FOO
    val BAR : int -> Foo
    exception Boo
    val FOO : Foo
  end
datatype Foo =
  BAR of int |
  FOO
val BAR : int -> Foo
exception Boo
val FOO : Foo
val f : Foo -> int = fn
val g : Foo -> int = fn
val h : (unit -> int) -> int = fn
