structure A =
  struct
    structure S =
      struct
        datatype fruit =
          apple of porridge
        val apple : A.X.porridge -> A.S.fruit
        val defruit : A.S.fruit -> int = fn
      end
    structure X =
      struct
        datatype porridge =
          salty |
          sweet
        val salty : A.X.porridge
        val sweet : A.X.porridge
      end
  end
