Listener Input:19,14 to 19,20: error: Function applied to argument of wrong type
  Required argument type: { baz : 'a, ...}
  Actual argument type:   Foo
    Cannot unify
      { baz : 'a, ...}
    and
      Foo
Listener Input:20,15 to 20,18: error: Function applied to argument of wrong type
  Required argument type: Foo
  Actual argument type:   { baz : 'a, ...}
    Cannot unify
      Foo
    and
      { baz : 'a, ...}
Listener Input:20,0 to 20,26: error: Unresolved flexible record of type { baz : 'a, ...}
