Listener Input:14,25 to 14,35: error: Explicit type variable 'a cannot be generalized in value declaration
Listener Input:14,39 to 14,40: error: Unbound value g
Listener Input:14,41 to 14,42: error: Unbound value g
Listener Input:14,8 to 14,49: error: Function applied to argument of wrong type
  Required argument type: 'a
  Actual argument type:   int
    Cannot unify
      'a
    and
      int
